AR sound_play arch C:/Users/facun/OneDrive/Proyecyo_Tecnicas/Xiling/Pong_FSM/Pong_FSM/sound_play.vhd sub00/vhpl21 1479758121
AR vga_driver sync C:/Users/facun/OneDrive/Proyecyo_Tecnicas/Xiling/Pong_FSM/Pong_FSM/vga_driver.vhd sub00/vhpl09 1479758109
AR m1000_counter arch C:/Users/facun/OneDrive/Proyecyo_Tecnicas/Xiling/Pong_FSM/Pong_FSM/m1000_counter.vhd sub00/vhpl17 1479758117
EN pong_graph NULL C:/Users/facun/OneDrive/Proyecyo_Tecnicas/Xiling/Pong_FSM/Pong_FSM/pong_graph.vhd sub00/vhpl10 1479758110
AR sseg_mux arch C:/Users/facun/OneDrive/Proyecyo_Tecnicas/Xiling/Pong_FSM/Pong_FSM/sseg_mux.vhd sub00/vhpl19 1479758119
AR char_rom arch C:/Users/facun/OneDrive/Proyecyo_Tecnicas/Xiling/Pong_FSM/Pong_FSM/char_ROM.vhd sub00/vhpl07 1479758107
EN sseg_mux NULL C:/Users/facun/OneDrive/Proyecyo_Tecnicas/Xiling/Pong_FSM/Pong_FSM/sseg_mux.vhd sub00/vhpl18 1479758118
EN vga_driver NULL C:/Users/facun/OneDrive/Proyecyo_Tecnicas/Xiling/Pong_FSM/Pong_FSM/vga_driver.vhd sub00/vhpl08 1479758108
EN char_rom NULL C:/Users/facun/OneDrive/Proyecyo_Tecnicas/Xiling/Pong_FSM/Pong_FSM/char_ROM.vhd sub00/vhpl06 1479758106
EN pong_text NULL C:/Users/facun/OneDrive/Proyecyo_Tecnicas/Xiling/Pong_FSM/Pong_FSM/pong_text.vhd sub00/vhpl12 1479758112
EN hit_sound NULL C:/Users/facun/OneDrive/Proyecyo_Tecnicas/Xiling/Pong_FSM/Pong_FSM/hit_sound.vhd sub00/vhpl00 1479758100
EN sound_play NULL C:/Users/facun/OneDrive/Proyecyo_Tecnicas/Xiling/Pong_FSM/Pong_FSM/sound_play.vhd sub00/vhpl20 1479758120
AR miss_sound content C:/Users/facun/OneDrive/Proyecyo_Tecnicas/Xiling/Pong_FSM/Pong_FSM/miss_sound.vhd sub00/vhpl03 1479758103
AR sound_gen generator C:/Users/facun/OneDrive/Proyecyo_Tecnicas/Xiling/Pong_FSM/Pong_FSM/sound_gen.vhd sub00/vhpl05 1479758105
AR pong_top pong_top_arch C:/Users/facun/OneDrive/Proyecyo_Tecnicas/Xiling/Pong_FSM/Pong_FSM/pong_top.vhd sub00/vhpl23 1479758123
EN pong_top NULL C:/Users/facun/OneDrive/Proyecyo_Tecnicas/Xiling/Pong_FSM/Pong_FSM/pong_top.vhd sub00/vhpl22 1479758122
EN miss_sound NULL C:/Users/facun/OneDrive/Proyecyo_Tecnicas/Xiling/Pong_FSM/Pong_FSM/miss_sound.vhd sub00/vhpl02 1479758102
EN m1000_counter NULL C:/Users/facun/OneDrive/Proyecyo_Tecnicas/Xiling/Pong_FSM/Pong_FSM/m1000_counter.vhd sub00/vhpl16 1479758116
AR timer arch C:/Users/facun/OneDrive/Proyecyo_Tecnicas/Xiling/Pong_FSM/Pong_FSM/timer.vhd sub00/vhpl15 1479758115
EN sound_gen NULL C:/Users/facun/OneDrive/Proyecyo_Tecnicas/Xiling/Pong_FSM/Pong_FSM/sound_gen.vhd sub00/vhpl04 1479758104
AR pong_graph arch C:/Users/facun/OneDrive/Proyecyo_Tecnicas/Xiling/Pong_FSM/Pong_FSM/pong_graph.vhd sub00/vhpl11 1479758111
AR hit_sound content C:/Users/facun/OneDrive/Proyecyo_Tecnicas/Xiling/Pong_FSM/Pong_FSM/hit_sound.vhd sub00/vhpl01 1479758101
AR pong_text arch C:/Users/facun/OneDrive/Proyecyo_Tecnicas/Xiling/Pong_FSM/Pong_FSM/pong_text.vhd sub00/vhpl13 1479758113
EN timer NULL C:/Users/facun/OneDrive/Proyecyo_Tecnicas/Xiling/Pong_FSM/Pong_FSM/timer.vhd sub00/vhpl14 1479758114
